// Jest Snapshot v1, https://goo.gl/fbAQLP

exports[`Sign gets transaction data 1`] = `
Object {
  "fee": 0,
  "subTotal": 100,
  "ticker": "tBTC",
  "total": 100,
}
`;
